#-----------------------------------------------------------
# Vivado v2022.2 (64-bit)
# SW Build 3671981 on Fri Oct 14 04:59:54 MDT 2022
# IP Build 3669848 on Fri Oct 14 08:30:02 MDT 2022
# Start of session at: Sun Apr 23 10:45:59 2023
# Process ID: 8915
# Current directory: /home/bharath/Documents/required/projects/AstarHardware/memory_manager
# Command line: vivado ./memory_manager.xpr
# Log file: /home/bharath/Documents/required/projects/AstarHardware/memory_manager/vivado.log
# Journal file: /home/bharath/Documents/required/projects/AstarHardware/memory_manager/vivado.jou
# Running On: bharath-Aspire-A715-41G, OS: Linux, CPU Frequency: 1400.000 MHz, CPU Physical cores: 8, Host memory: 6152 MB
#-----------------------------------------------------------
start_gui
open_project ./memory_manager.xpr
update_compile_order -fileset sources_1
# Disabling source management mode.  This is to allow the top design properties to be set without GUI intervention.
set_property source_mgmt_mode None [current_project]
set_property top control_path [current_fileset]
# Re-enabling previously disabled source management mode.
set_property source_mgmt_mode All [current_project]
update_compile_order -fileset sources_1
